// Jest Snapshot v1, https://goo.gl/fbAQLP

exports[`Gallery component renders Gallery component 1`] = `
<div>
  <div
    data-testid="galleryTestId"
  >
    <img
      alt="image-gallery"
      src="src/assets/react.svg"
    />
    <img
      alt="image-gallery"
      src="src/assets/react.svg"
    />
    <img
      alt="image-gallery"
      src="src/assets/react.svg"
    />
    <img
      alt="image-gallery"
      src="src/assets/react.svg"
    />
    <img
      alt="image-gallery"
      src="src/assets/react.svg"
    />
    <img
      alt="image-gallery"
      src="src/assets/react.svg"
    />
  </div>
</div>
`;
